---
source: src/util.rs
expression: "format!(\"{}\", toml.to_string())"

---

[package]
name = "overwhelmed"
version = "1.0.0"
publish = false
            
